../Core/Src/main.c:81:5:main	16	static
../Core/Src/main.c:189:6:SystemClock_Config	88	static
../Core/Src/main.c:233:13:MX_SPI1_Init	8	static
../Core/Src/main.c:270:13:MX_TIM1_Init	56	static
../Core/Src/main.c:320:13:MX_TIM3_Init	48	static
../Core/Src/main.c:373:13:MX_TIM9_Init	24	static
../Core/Src/main.c:409:13:MX_DMA_Init	16	static
../Core/Src/main.c:427:13:MX_GPIO_Init	48	static
../Core/Src/main.c:476:6:unpacking	16	static
../Core/Src/main.c:490:6:Error_Handler	4	static,ignoring_inline_asm
